c:\users\danilos\desktop\laboratorio 1 estructura de datos ii\build\lab1.dir\debug\vc143.pdb
c:\users\danilos\desktop\laboratorio 1 estructura de datos ii\build\lab1.dir\debug\cliargs.obj
c:\users\danilos\desktop\laboratorio 1 estructura de datos ii\build\lab1.dir\debug\registro.obj
c:\users\danilos\desktop\laboratorio 1 estructura de datos ii\build\lab1.dir\debug\indice.obj
c:\users\danilos\desktop\laboratorio 1 estructura de datos ii\build\lab1.dir\debug\alumno.obj
c:\users\danilos\desktop\laboratorio 1 estructura de datos ii\build\lab1.dir\debug\main.obj
c:\users\danilos\desktop\laboratorio 1 estructura de datos ii\build\cmakefiles\generate.stamp
c:\users\danilos\desktop\laboratorio 1 estructura de datos ii\build\debug\lab1.exe
c:\users\danilos\desktop\laboratorio 1 estructura de datos ii\build\debug\lab1.pdb
c:\users\danilos\desktop\laboratorio 1 estructura de datos ii\build\lab1.dir\debug\lab1.ilk
c:\users\danilos\desktop\laboratorio 1 estructura de datos ii\build\lab1.dir\debug\lab1.tlog\cl.command.1.tlog
c:\users\danilos\desktop\laboratorio 1 estructura de datos ii\build\lab1.dir\debug\lab1.tlog\cl.items.tlog
c:\users\danilos\desktop\laboratorio 1 estructura de datos ii\build\lab1.dir\debug\lab1.tlog\cl.read.1.tlog
c:\users\danilos\desktop\laboratorio 1 estructura de datos ii\build\lab1.dir\debug\lab1.tlog\cl.write.1.tlog
c:\users\danilos\desktop\laboratorio 1 estructura de datos ii\build\lab1.dir\debug\lab1.tlog\custombuild.command.1.tlog
c:\users\danilos\desktop\laboratorio 1 estructura de datos ii\build\lab1.dir\debug\lab1.tlog\custombuild.read.1.tlog
c:\users\danilos\desktop\laboratorio 1 estructura de datos ii\build\lab1.dir\debug\lab1.tlog\custombuild.write.1.tlog
c:\users\danilos\desktop\laboratorio 1 estructura de datos ii\build\lab1.dir\debug\lab1.tlog\link.command.1.tlog
c:\users\danilos\desktop\laboratorio 1 estructura de datos ii\build\lab1.dir\debug\lab1.tlog\link.read.1.tlog
c:\users\danilos\desktop\laboratorio 1 estructura de datos ii\build\lab1.dir\debug\lab1.tlog\link.secondary.1.tlog
c:\users\danilos\desktop\laboratorio 1 estructura de datos ii\build\lab1.dir\debug\lab1.tlog\link.write.1.tlog
